[INFO] Scanning for projects...
[INFO] 
[INFO] -------------------< com.way2jobs:way2jobs-backend >--------------------
[INFO] Building way2jobs-backend 0.0.1-SNAPSHOT
[INFO]   from pom.xml
[INFO] --------------------------------[ jar ]---------------------------------
[INFO] 
[INFO] >>> spring-boot:3.5.4:run (default-cli) > test-compile @ way2jobs-backend >>>
[INFO] 
[INFO] --- resources:3.3.1:resources (default-resources) @ way2jobs-backend ---
[INFO] Copying 1 resource from src/main/resources to target/classes
[INFO] Copying 1 resource from src/main/resources to target/classes
[INFO] 
[INFO] --- compiler:3.13.0:compile (default-compile) @ way2jobs-backend ---
[INFO] Recompiling the module because of changed source code.
[INFO] Compiling 60 source files with javac [debug parameters release 21] to target/classes
[INFO] /home/ravitheja/Downloads/way2jobs-backend/src/main/java/com/way2jobs/security/JwtUtil.java: /home/ravitheja/Downloads/way2jobs-backend/src/main/java/com/way2jobs/security/JwtUtil.java uses or overrides a deprecated API.
[INFO] /home/ravitheja/Downloads/way2jobs-backend/src/main/java/com/way2jobs/security/JwtUtil.java: Recompile with -Xlint:deprecation for details.
[INFO] 
[INFO] --- resources:3.3.1:testResources (default-testResources) @ way2jobs-backend ---
[INFO] skip non existing resourceDirectory /home/ravitheja/Downloads/way2jobs-backend/src/test/resources
[INFO] 
[INFO] --- compiler:3.13.0:testCompile (default-testCompile) @ way2jobs-backend ---
[INFO] Recompiling the module because of changed dependency.
[INFO] Compiling 2 source files with javac [debug parameters release 21] to target/test-classes
[INFO] 
[INFO] <<< spring-boot:3.5.4:run (default-cli) < test-compile @ way2jobs-backend <<<
[INFO] 
[INFO] 
[INFO] --- spring-boot:3.5.4:run (default-cli) @ way2jobs-backend ---
[INFO] Attaching agents: []

  .   ____          _            __ _ _
 /\\ / ___'_ __ _ _(_)_ __  __ _ \ \ \ \
( ( )\___ | '_ | '_| | '_ \/ _` | \ \ \ \
 \\/  ___)| |_)| | | | | || (_| |  ) ) ) )
  '  |____| .__|_| |_|_| |_\__, | / / / /
 =========|_|==============|___/=/_/_/_/

 :: Spring Boot ::                (v3.5.4)

2026-08-06T16:03:21.617+05:30  INFO 12491 --- [way2jobs-backend] [  restartedMain] c.way2jobs.Way2jobsBackendApplication    : Starting Way2jobsBackendApplication using Java 21.0.11 with PID 12491 (/home/ravitheja/Downloads/way2jobs-backend/target/classes started by ravitheja in /home/ravitheja/Downloads/way2jobs-backend)
2026-08-06T16:03:21.621+05:30  INFO 12491 --- [way2jobs-backend] [  restartedMain] c.way2jobs.Way2jobsBackendApplication    : No active profile set, falling back to 1 default profile: "default"
2026-08-06T16:03:21.669+05:30  INFO 12491 --- [way2jobs-backend] [  restartedMain] .e.DevToolsPropertyDefaultsPostProcessor : Devtools property defaults active! Set 'spring.devtools.add-properties' to 'false' to disable
2026-08-06T16:03:21.669+05:30  INFO 12491 --- [way2jobs-backend] [  restartedMain] .e.DevToolsPropertyDefaultsPostProcessor : For additional web related logging consider setting the 'logging.level.web' property to 'DEBUG'
2026-08-06T16:03:22.741+05:30  INFO 12491 --- [way2jobs-backend] [  restartedMain] .s.d.r.c.RepositoryConfigurationDelegate : Bootstrapping Spring Data JPA repositories in DEFAULT mode.
2026-08-06T16:03:22.821+05:30  INFO 12491 --- [way2jobs-backend] [  restartedMain] .s.d.r.c.RepositoryConfigurationDelegate : Finished Spring Data repository scanning in 72 ms. Found 6 JPA repository interfaces.
2026-08-06T16:03:23.460+05:30  INFO 12491 --- [way2jobs-backend] [  restartedMain] o.s.b.w.embedded.tomcat.TomcatWebServer  : Tomcat initialized with port 8080 (http)
2026-08-06T16:03:23.478+05:30  INFO 12491 --- [way2jobs-backend] [  restartedMain] o.apache.catalina.core.StandardService   : Starting service [Tomcat]
2026-08-06T16:03:23.479+05:30  INFO 12491 --- [way2jobs-backend] [  restartedMain] o.apache.catalina.core.StandardEngine    : Starting Servlet engine: [Apache Tomcat/10.1.43]
2026-08-06T16:03:23.515+05:30  INFO 12491 --- [way2jobs-backend] [  restartedMain] o.a.c.c.C.[Tomcat].[localhost].[/]       : Initializing Spring embedded WebApplicationContext
2026-08-06T16:03:23.516+05:30  INFO 12491 --- [way2jobs-backend] [  restartedMain] w.s.c.ServletWebServerApplicationContext : Root WebApplicationContext: initialization completed in 1845 ms
2026-08-06T16:03:23.767+05:30  INFO 12491 --- [way2jobs-backend] [  restartedMain] o.hibernate.jpa.internal.util.LogHelper  : HHH000204: Processing PersistenceUnitInfo [name: default]
2026-08-06T16:03:23.811+05:30  INFO 12491 --- [way2jobs-backend] [  restartedMain] org.hibernate.Version                    : HHH000412: Hibernate ORM core version 6.6.22.Final
2026-08-06T16:03:23.838+05:30  INFO 12491 --- [way2jobs-backend] [  restartedMain] o.h.c.internal.RegionFactoryInitiator    : HHH000026: Second-level cache disabled
2026-08-06T16:03:24.109+05:30  INFO 12491 --- [way2jobs-backend] [  restartedMain] o.s.o.j.p.SpringPersistenceUnitInfo      : No LoadTimeWeaver setup: ignoring JPA class transformer
2026-08-06T16:03:24.134+05:30  INFO 12491 --- [way2jobs-backend] [  restartedMain] com.zaxxer.hikari.HikariDataSource       : HikariPool-1 - Starting...
2026-08-06T16:03:24.428+05:30  INFO 12491 --- [way2jobs-backend] [  restartedMain] com.zaxxer.hikari.pool.HikariPool        : HikariPool-1 - Added connection org.postgresql.jdbc.PgConnection@2363cf9c
2026-08-06T16:03:24.430+05:30  INFO 12491 --- [way2jobs-backend] [  restartedMain] com.zaxxer.hikari.HikariDataSource       : HikariPool-1 - Start completed.
2026-08-06T16:03:24.493+05:30  INFO 12491 --- [way2jobs-backend] [  restartedMain] org.hibernate.orm.connections.pooling    : HHH10001005: Database info:
	Database JDBC URL [Connecting through datasource 'HikariDataSource (HikariPool-1)']
	Database driver: undefined/unknown
	Database version: 16.14
	Autocommit mode: undefined/unknown
	Isolation level: undefined/unknown
	Minimum pool size: undefined/unknown
	Maximum pool size: undefined/unknown
2026-08-06T16:03:25.458+05:30  INFO 12491 --- [way2jobs-backend] [  restartedMain] o.h.e.t.j.p.i.JtaPlatformInitiator       : HHH000489: No JTA platform available (set 'hibernate.transaction.jta.platform' to enable JTA platform integration)
2026-08-06T16:03:25.723+05:30  INFO 12491 --- [way2jobs-backend] [  restartedMain] j.LocalContainerEntityManagerFactoryBean : Initialized JPA EntityManagerFactory for persistence unit 'default'
2026-08-06T16:03:26.262+05:30  WARN 12491 --- [way2jobs-backend] [  restartedMain] JpaBaseConfiguration$JpaWebConfiguration : spring.jpa.open-in-view is enabled by default. Therefore, database queries may be performed during view rendering. Explicitly configure spring.jpa.open-in-view to disable this warning
2026-08-06T16:03:26.309+05:30  WARN 12491 --- [way2jobs-backend] [  restartedMain] .s.s.UserDetailsServiceAutoConfiguration : 

Using generated security password: c325afd9-3129-4007-a2e5-9ac333c7ddb5

This generated password is for development use only. Your security configuration must be updated before running your application in production.

2026-08-06T16:03:26.319+05:30  INFO 12491 --- [way2jobs-backend] [  restartedMain] r$InitializeUserDetailsManagerConfigurer : Global AuthenticationManager configured with UserDetailsService bean with name inMemoryUserDetailsManager
2026-08-06T16:03:26.687+05:30  INFO 12491 --- [way2jobs-backend] [  restartedMain] o.s.b.a.e.web.EndpointLinksResolver      : Exposing 1 endpoint beneath base path '/actuator'
2026-08-06T16:03:26.997+05:30  INFO 12491 --- [way2jobs-backend] [  restartedMain] o.s.b.d.a.OptionalLiveReloadServer       : LiveReload server is running on port 35729
2026-08-06T16:03:27.055+05:30  INFO 12491 --- [way2jobs-backend] [  restartedMain] o.s.b.w.embedded.tomcat.TomcatWebServer  : Tomcat started on port 8080 (http) with context path '/'
2026-08-06T16:03:27.068+05:30  INFO 12491 --- [way2jobs-backend] [  restartedMain] c.way2jobs.Way2jobsBackendApplication    : Started Way2jobsBackendApplication in 5.904 seconds (process running for 6.317)
2026-08-06T16:03:42.858+05:30  INFO 12491 --- [way2jobs-backend] [nio-8080-exec-1] o.a.c.c.C.[Tomcat].[localhost].[/]       : Initializing Spring DispatcherServlet 'dispatcherServlet'
2026-08-06T16:03:42.858+05:30  INFO 12491 --- [way2jobs-backend] [nio-8080-exec-1] o.s.web.servlet.DispatcherServlet        : Initializing Servlet 'dispatcherServlet'
2026-08-06T16:03:42.860+05:30  INFO 12491 --- [way2jobs-backend] [nio-8080-exec-1] o.s.web.servlet.DispatcherServlet        : Completed initialization in 2 ms
[INFO] ------------------------------------------------------------------------
[INFO] BUILD FAILURE
[INFO] ------------------------------------------------------------------------
[INFO] Total time:  46.244 s
[INFO] Finished at: 2026-08-06T16:03:59+05:30
[INFO] ------------------------------------------------------------------------
[ERROR] Failed to execute goal org.springframework.boot:spring-boot-maven-plugin:3.5.4:run (default-cli) on project way2jobs-backend: Process terminated with exit code: 137 -> [Help 1]
[ERROR] 
[ERROR] To see the full stack trace of the errors, re-run Maven with the -e switch.
[ERROR] Re-run Maven using the -X switch to enable full debug logging.
[ERROR] 
[ERROR] For more information about the errors and possible solutions, please read the following articles:
[ERROR] [Help 1] http://cwiki.apache.org/confluence/display/MAVEN/MojoExecutionException
