[[1;34mINFO[m] Scanning for projects...
[[1;34mINFO[m] 
[[1;34mINFO[m] [1m-------------------< [0;36mcom.way2jobs:way2jobs-backend[0;1m >--------------------[m
[[1;34mINFO[m] [1mBuilding  0.0.1-SNAPSHOT[m
[[1;34mINFO[m] [1m--------------------------------[ jar ]---------------------------------[m
[[1;34mINFO[m] 
[[1;34mINFO[m] [1m--- [0;32mmaven-clean-plugin:3.4.1:clean[m [1m(default-clean)[m @ [36mway2jobs-backend[0;1m ---[m
[[1;34mINFO[m] Deleting /home/ravitheja/Downloads/way2jobs-backend/target
[[1;34mINFO[m] 
[[1;34mINFO[m] [1m--- [0;32mmaven-resources-plugin:3.3.1:resources[m [1m(default-resources)[m @ [36mway2jobs-backend[0;1m ---[m
[[1;34mINFO[m] Copying 1 resource from src/main/resources to target/classes
[[1;34mINFO[m] Copying 0 resource from src/main/resources to target/classes
[[1;34mINFO[m] 
[[1;34mINFO[m] [1m--- [0;32mmaven-compiler-plugin:3.14.0:compile[m [1m(default-compile)[m @ [36mway2jobs-backend[0;1m ---[m
[[1;34mINFO[m] Recompiling the module because of [1mchanged source code[m.
[[1;34mINFO[m] Compiling 46 source files with javac [debug parameters release 21] to target/classes
[[1;34mINFO[m] /home/ravitheja/Downloads/way2jobs-backend/src/main/java/com/way2jobs/security/JwtUtil.java: /home/ravitheja/Downloads/way2jobs-backend/src/main/java/com/way2jobs/security/JwtUtil.java uses or overrides a deprecated API.
[[1;34mINFO[m] /home/ravitheja/Downloads/way2jobs-backend/src/main/java/com/way2jobs/security/JwtUtil.java: Recompile with -Xlint:deprecation for details.
[[1;34mINFO[m] [1m------------------------------------------------------------------------[m
[[1;34mINFO[m] [1;32mBUILD SUCCESS[m
[[1;34mINFO[m] [1m------------------------------------------------------------------------[m
[[1;34mINFO[m] Total time:  4.966 s
[[1;34mINFO[m] Finished at: 2026-08-05T04:31:38+05:30
[[1;34mINFO[m] [1m------------------------------------------------------------------------[m
