
  .   ____          _            __ _ _
 /\\ / ___'_ __ _ _(_)_ __  __ _ \ \ \ \
( ( )\___ | '_ | '_| | '_ \/ _` | \ \ \ \
 \\/  ___)| |_)| | | | | || (_| |  ) ) ) )
  '  |____| .__|_| |_|_| |_\__, | / / / /
 =========|_|==============|___/=/_/_/_/

 :: Spring Boot ::                (v3.5.4)

2026-08-06T16:09:20.283+05:30  INFO 13818 --- [way2jobs-backend] [           main] c.way2jobs.Way2jobsBackendApplication    : Starting Way2jobsBackendApplication v0.0.1-SNAPSHOT using Java 21.0.11 with PID 13818 (/home/ravitheja/Downloads/way2jobs-backend/target/way2jobs-backend-0.0.1-SNAPSHOT.jar started by ravitheja in /home/ravitheja/AndroidStudioProjects/Way2Jobs)
2026-08-06T16:09:20.287+05:30  INFO 13818 --- [way2jobs-backend] [           main] c.way2jobs.Way2jobsBackendApplication    : No active profile set, falling back to 1 default profile: "default"
2026-08-06T16:09:22.794+05:30  INFO 13818 --- [way2jobs-backend] [           main] .s.d.r.c.RepositoryConfigurationDelegate : Bootstrapping Spring Data JPA repositories in DEFAULT mode.
2026-08-06T16:09:22.909+05:30  INFO 13818 --- [way2jobs-backend] [           main] .s.d.r.c.RepositoryConfigurationDelegate : Finished Spring Data repository scanning in 95 ms. Found 6 JPA repository interfaces.
2026-08-06T16:09:24.078+05:30  INFO 13818 --- [way2jobs-backend] [           main] o.s.b.w.embedded.tomcat.TomcatWebServer  : Tomcat initialized with port 8080 (http)
2026-08-06T16:09:24.107+05:30  INFO 13818 --- [way2jobs-backend] [           main] o.apache.catalina.core.StandardService   : Starting service [Tomcat]
2026-08-06T16:09:24.109+05:30  INFO 13818 --- [way2jobs-backend] [           main] o.apache.catalina.core.StandardEngine    : Starting Servlet engine: [Apache Tomcat/10.1.43]
2026-08-06T16:09:24.149+05:30  INFO 13818 --- [way2jobs-backend] [           main] o.a.c.c.C.[Tomcat].[localhost].[/]       : Initializing Spring embedded WebApplicationContext
2026-08-06T16:09:24.151+05:30  INFO 13818 --- [way2jobs-backend] [           main] w.s.c.ServletWebServerApplicationContext : Root WebApplicationContext: initialization completed in 3758 ms
2026-08-06T16:09:24.633+05:30  INFO 13818 --- [way2jobs-backend] [           main] o.hibernate.jpa.internal.util.LogHelper  : HHH000204: Processing PersistenceUnitInfo [name: default]
2026-08-06T16:09:24.771+05:30  INFO 13818 --- [way2jobs-backend] [           main] org.hibernate.Version                    : HHH000412: Hibernate ORM core version 6.6.22.Final
2026-08-06T16:09:24.835+05:30  INFO 13818 --- [way2jobs-backend] [           main] o.h.c.internal.RegionFactoryInitiator    : HHH000026: Second-level cache disabled
2026-08-06T16:09:25.358+05:30  INFO 13818 --- [way2jobs-backend] [           main] o.s.o.j.p.SpringPersistenceUnitInfo      : No LoadTimeWeaver setup: ignoring JPA class transformer
2026-08-06T16:09:25.412+05:30  INFO 13818 --- [way2jobs-backend] [           main] com.zaxxer.hikari.HikariDataSource       : HikariPool-1 - Starting...
2026-08-06T16:09:26.026+05:30  INFO 13818 --- [way2jobs-backend] [           main] com.zaxxer.hikari.pool.HikariPool        : HikariPool-1 - Added connection org.postgresql.jdbc.PgConnection@6294e4a6
2026-08-06T16:09:26.028+05:30  INFO 13818 --- [way2jobs-backend] [           main] com.zaxxer.hikari.HikariDataSource       : HikariPool-1 - Start completed.
2026-08-06T16:09:26.148+05:30  INFO 13818 --- [way2jobs-backend] [           main] org.hibernate.orm.connections.pooling    : HHH10001005: Database info:
	Database JDBC URL [Connecting through datasource 'HikariDataSource (HikariPool-1)']
	Database driver: undefined/unknown
	Database version: 16.14
	Autocommit mode: undefined/unknown
	Isolation level: undefined/unknown
	Minimum pool size: undefined/unknown
	Maximum pool size: undefined/unknown
2026-08-06T16:09:27.916+05:30  INFO 13818 --- [way2jobs-backend] [           main] o.h.e.t.j.p.i.JtaPlatformInitiator       : HHH000489: No JTA platform available (set 'hibernate.transaction.jta.platform' to enable JTA platform integration)
2026-08-06T16:09:28.241+05:30  INFO 13818 --- [way2jobs-backend] [           main] j.LocalContainerEntityManagerFactoryBean : Initialized JPA EntityManagerFactory for persistence unit 'default'
2026-08-06T16:09:29.209+05:30  WARN 13818 --- [way2jobs-backend] [           main] JpaBaseConfiguration$JpaWebConfiguration : spring.jpa.open-in-view is enabled by default. Therefore, database queries may be performed during view rendering. Explicitly configure spring.jpa.open-in-view to disable this warning
2026-08-06T16:09:29.278+05:30  WARN 13818 --- [way2jobs-backend] [           main] .s.s.UserDetailsServiceAutoConfiguration : 

Using generated security password: fe430934-6f96-4e0e-a3a9-9c9cf2cd0f0f

This generated password is for development use only. Your security configuration must be updated before running your application in production.

2026-08-06T16:09:29.308+05:30  INFO 13818 --- [way2jobs-backend] [           main] r$InitializeUserDetailsManagerConfigurer : Global AuthenticationManager configured with UserDetailsService bean with name inMemoryUserDetailsManager
2026-08-06T16:09:30.104+05:30  INFO 13818 --- [way2jobs-backend] [           main] o.s.b.a.e.web.EndpointLinksResolver      : Exposing 1 endpoint beneath base path '/actuator'
2026-08-06T16:09:30.834+05:30  INFO 13818 --- [way2jobs-backend] [           main] o.s.b.w.embedded.tomcat.TomcatWebServer  : Tomcat started on port 8080 (http) with context path '/'
2026-08-06T16:09:30.867+05:30  INFO 13818 --- [way2jobs-backend] [           main] c.way2jobs.Way2jobsBackendApplication    : Started Way2jobsBackendApplication in 11.448 seconds (process running for 12.4)
2026-08-06T16:09:46.907+05:30  INFO 13818 --- [way2jobs-backend] [nio-8080-exec-1] o.a.c.c.C.[Tomcat].[localhost].[/]       : Initializing Spring DispatcherServlet 'dispatcherServlet'
2026-08-06T16:09:46.907+05:30  INFO 13818 --- [way2jobs-backend] [nio-8080-exec-1] o.s.web.servlet.DispatcherServlet        : Initializing Servlet 'dispatcherServlet'
2026-08-06T16:09:46.909+05:30  INFO 13818 --- [way2jobs-backend] [nio-8080-exec-1] o.s.web.servlet.DispatcherServlet        : Completed initialization in 1 ms
Hibernate: 
    select
        s1_0.id,
        s1_0.name 
    from
        states s1_0 
    order by
        s1_0.name
Hibernate: 
    select
        u1_0.id,
        u1_0.created_at,
        u1_0.email,
        u1_0.enabled,
        u1_0.mobile,
        u1_0.name,
        u1_0.password,
        u1_0.role,
        u1_0.updated_at 
    from
        users u1_0 
    where
        u1_0.email=?
Hibernate: 
    select
        d1_0.id,
        d1_0.logo_path,
        d1_0.name,
        d1_0.official_website,
        d1_0.short_name 
    from
        departments d1_0 
    where
        d1_0.id=?
Hibernate: 
    select
        c1_0.id,
        c1_0.name 
    from
        categories c1_0 
    where
        c1_0.id=?
Hibernate: 
    select
        s1_0.id,
        s1_0.name 
    from
        states s1_0 
    where
        s1_0.id=?
Hibernate: 
    insert 
    into
        jobs
        (apply_url, category_id, created_at, department_id, last_date, location, notification_url, qualification, salary, state_id, title, vacancies) 
    values
        (?, ?, ?, ?, ?, ?, ?, ?, ?, ?, ?, ?)
